../Core/Src/main.c:81:5:main	408	static
../Core/Src/main.c:316:6:SystemClock_Config	88	static
../Core/Src/main.c:357:13:MX_I2C2_Init	8	static
../Core/Src/main.c:374:13:MX_TIM1_Init	96	static
../Core/Src/main.c:446:13:MX_TIM8_Init	96	static
../Core/Src/main.c:518:13:MX_UART4_Init	8	static
../Core/Src/main.c:534:13:MX_UART5_Init	8	static
../Core/Src/main.c:550:13:MX_USART1_UART_Init	8	static
../Core/Src/main.c:566:13:MX_USART2_UART_Init	8	static
../Core/Src/main.c:582:13:MX_GPIO_Init	48	static
../Core/Src/main.c:597:6:Error_Handler	4	static,ignoring_inline_asm
../Core/Src/main.c:607:7:Direct_Get_BNO055_Yaw	40	static
