../Core/Src/main.c:81:5:main	29
../Core/Src/main.c:316:6:SystemClock_Config	4
../Core/Src/main.c:357:13:MX_I2C2_Init	2
../Core/Src/main.c:374:13:MX_TIM1_Init	10
../Core/Src/main.c:446:13:MX_TIM8_Init	10
../Core/Src/main.c:518:13:MX_UART4_Init	2
../Core/Src/main.c:534:13:MX_UART5_Init	2
../Core/Src/main.c:550:13:MX_USART1_UART_Init	2
../Core/Src/main.c:566:13:MX_USART2_UART_Init	2
../Core/Src/main.c:582:13:MX_GPIO_Init	1
../Core/Src/main.c:597:6:Error_Handler	1
../Core/Src/main.c:607:7:Direct_Get_BNO055_Yaw	3
