../Core/Src/main.c:117:5:main	29
../Core/Src/main.c:384:6:SystemClock_Config	4
../Core/Src/main.c:439:13:MX_I2C2_Init	2
../Core/Src/main.c:473:13:MX_TIM1_Init	10
../Core/Src/main.c:560:13:MX_TIM8_Init	10
../Core/Src/main.c:647:13:MX_UART4_Init	2
../Core/Src/main.c:680:13:MX_UART5_Init	2
../Core/Src/main.c:713:13:MX_USART1_UART_Init	2
../Core/Src/main.c:746:13:MX_USART2_UART_Init	2
../Core/Src/main.c:779:13:MX_GPIO_Init	1
../Core/Src/main.c:805:7:Direct_Get_BNO055_Yaw	3
../Core/Src/main.c:825:6:Error_Handler	1
