../Core/Src/main.c:117:5:main	400	static
../Core/Src/main.c:384:6:SystemClock_Config	88	static
../Core/Src/main.c:439:13:MX_I2C2_Init	8	static
../Core/Src/main.c:473:13:MX_TIM1_Init	96	static
../Core/Src/main.c:560:13:MX_TIM8_Init	96	static
../Core/Src/main.c:647:13:MX_UART4_Init	8	static
../Core/Src/main.c:680:13:MX_UART5_Init	8	static
../Core/Src/main.c:713:13:MX_USART1_UART_Init	8	static
../Core/Src/main.c:746:13:MX_USART2_UART_Init	8	static
../Core/Src/main.c:779:13:MX_GPIO_Init	48	static
../Core/Src/main.c:805:7:Direct_Get_BNO055_Yaw	40	static
../Core/Src/main.c:825:6:Error_Handler	4	static,ignoring_inline_asm
