../Core/Src/sensor.c:93:14:AngleDiff	24	static
../Core/Src/sensor.c:102:6:HAL_UART_RxCpltCallback	32	static
../Core/Src/sensor.c:170:6:Sensor_InitYawOffset	8	static
../Core/Src/sensor.c:178:6:Sensor_Update	48	static
../Core/Src/sensor.c:279:7:Sensor_GetOmega	32	static
../Core/Src/sensor.c:296:9:Sensor_GetEscapeAngle	32	static
../Core/Src/sensor.c:330:6:ParseIRData	24	static
../Core/Src/sensor.c:346:6:BNO055_Init	32	static
../Core/Src/sensor.c:356:7:BNO055_GetYaw	48	static
../Core/Src/sensor.c:409:7:PID_Update	40	static
../Core/Src/sensor.c:434:9:Sensor_GetSideWarning	4	static
../Core/Src/sensor.c:441:6:Sensor_ResetYawOnly	8	static
../Core/Src/sensor.c:446:6:Sensor_ResumeLineRx	24	static
../Core/Src/sensor.c:463:6:HAL_UART_ErrorCallback	16	static
