../Core/Src/main.c:87:5:main	16	static
../Core/Src/main.c:175:6:SystemClock_Config	88	static
../Core/Src/main.c:230:13:MX_I2C2_Init	8	static
../Core/Src/main.c:264:13:MX_TIM1_Init	96	static
../Core/Src/main.c:352:13:MX_TIM8_Init	96	static
../Core/Src/main.c:440:13:MX_UART4_Init	8	static
../Core/Src/main.c:473:13:MX_UART5_Init	8	static
../Core/Src/main.c:506:13:MX_USART1_UART_Init	8	static
../Core/Src/main.c:539:13:MX_USART2_UART_Init	8	static
../Core/Src/main.c:572:13:MX_GPIO_Init	48	static
../Core/Src/main.c:602:6:Error_Handler	4	static,ignoring_inline_asm
