../Core/Src/sensor.c:84:14:AngleDiff	24	static
../Core/Src/sensor.c:93:6:HAL_UART_RxCpltCallback	40	static
../Core/Src/sensor.c:204:6:Sensor_InitYawOffset	8	static
../Core/Src/sensor.c:212:6:Sensor_Update	16	static
../Core/Src/sensor.c:235:7:Sensor_GetOmega	32	static
../Core/Src/sensor.c:246:9:Sensor_GetEscapeAngle	32	static
../Core/Src/sensor.c:281:6:ParseIRData	24	static
../Core/Src/sensor.c:297:6:BNO055_Init	32	static
../Core/Src/sensor.c:307:7:BNO055_GetYaw	40	static
../Core/Src/sensor.c:321:7:PID_Update	40	static
../Core/Src/sensor.c:347:9:Sensor_GetSideWarning	4	static
