../Core/Src/main.c:101:5:main	400	static
../Core/Src/main.c:382:6:SystemClock_Config	88	static
../Core/Src/main.c:437:13:MX_I2C2_Init	8	static
../Core/Src/main.c:471:13:MX_TIM1_Init	96	static
../Core/Src/main.c:558:13:MX_TIM8_Init	96	static
../Core/Src/main.c:645:13:MX_UART4_Init	8	static
../Core/Src/main.c:678:13:MX_UART5_Init	8	static
../Core/Src/main.c:711:13:MX_USART1_UART_Init	8	static
../Core/Src/main.c:744:13:MX_USART2_UART_Init	8	static
../Core/Src/main.c:777:13:MX_GPIO_Init	48	static
../Core/Src/main.c:809:6:Error_Handler	4	static,ignoring_inline_asm
