../Core/Src/sensor.c:89:14:AngleDiff	24	static
../Core/Src/sensor.c:98:6:HAL_UART_RxCpltCallback	56	static
../Core/Src/sensor.c:233:6:Sensor_InitYawOffset	8	static
../Core/Src/sensor.c:241:6:Sensor_Update	16	static
../Core/Src/sensor.c:264:7:Sensor_GetOmega	32	static
../Core/Src/sensor.c:275:9:Sensor_GetEscapeAngle	32	static
../Core/Src/sensor.c:324:6:ParseIRData	24	static
../Core/Src/sensor.c:345:6:BNO055_Init	32	static
../Core/Src/sensor.c:355:7:BNO055_GetYaw	40	static
../Core/Src/sensor.c:369:7:PID_Update	40	static
../Core/Src/sensor.c:395:9:Sensor_GetSideWarning	4	static
../Core/Src/sensor.c:407:6:Sensor_ResetYawOnly	8	static
../Core/Src/sensor.c:413:6:Sensor_ResumeLineRx	8	static
../Core/Src/sensor.c:418:9:Sensor_GetSideEscapeAngle	32	static
