../Core/Src/sensor.c:89:14:AngleDiff	24	static
../Core/Src/sensor.c:98:6:HAL_UART_RxCpltCallback	48	static
../Core/Src/sensor.c:237:6:Sensor_InitYawOffset	8	static
../Core/Src/sensor.c:245:6:Sensor_Update	16	static
../Core/Src/sensor.c:268:7:Sensor_GetOmega	32	static
../Core/Src/sensor.c:281:9:Sensor_GetEscapeAngle	32	static
../Core/Src/sensor.c:330:6:ParseIRData	24	static
../Core/Src/sensor.c:351:6:BNO055_Init	32	static
../Core/Src/sensor.c:361:7:BNO055_GetYaw	40	static
../Core/Src/sensor.c:375:7:PID_Update	40	static
../Core/Src/sensor.c:401:9:Sensor_GetSideWarning	4	static
../Core/Src/sensor.c:413:6:Sensor_ResetYawOnly	8	static
../Core/Src/sensor.c:419:6:Sensor_ResumeLineRx	8	static
../Core/Src/sensor.c:424:9:Sensor_GetSideEscapeAngle	32	static
